2025-05-23 10:21:04,589 - INFO - Starting RTM automation pipeline
2025-05-23 10:21:04,589 - INFO - Checking prerequisites...
2025-05-23 10:21:04,589 - INFO - Python version check passed: 3.12
2025-05-23 10:21:04,589 - INFO - Configuration file check passed
2025-05-23 10:21:04,595 - INFO - Prerequisite check completed successfully
2025-05-23 10:21:04,595 - INFO - Running pipeline step: word_to_md
2025-05-23 10:21:06,937 - INFO - Step 'word_to_md' completed successfully in 2.34 seconds.
2025-05-23 10:21:06,937 - INFO - Running pipeline step: clean_outline
2025-05-23 10:21:07,099 - INFO - Step 'clean_outline' completed successfully in 0.16 seconds.
2025-05-23 10:21:07,099 - INFO - Running pipeline step: extract_rtm
2025-05-23 10:21:07,193 - ERROR - Error running step 'extract_rtm' after 0.09 seconds: Command '['C:\\Users\\gbonthuy\\AppData\\Local\\Programs\\Python\\Python312\\python.exe', 'generate_rtm.py', '--input', 'output/MASTER_1805_1144.md', '--output-dir', 'output']' returned non-zero exit status 1.
2025-05-23 10:21:07,194 - INFO - Running pipeline step: generate_diagrams
2025-05-23 10:21:07,325 - ERROR - Error running step 'generate_diagrams' after 0.13 seconds: Command '['C:\\Users\\gbonthuy\\AppData\\Local\\Programs\\Python\\Python312\\python.exe', 'src/modules/ascii_diagram.py', 'output/MASTER_outline.yaml', '--output', 'output/diagram.txt']' returned non-zero exit status 1.
2025-05-23 10:21:07,326 - INFO - Running pipeline step: compare_formats
2025-05-23 10:21:07,467 - INFO - Step 'compare_formats' completed successfully in 0.14 seconds.
2025-05-23 10:21:07,467 - INFO - Comparing JSON and YAML outputs...
2025-05-23 10:21:07,592 - WARNING - Pipeline execution completed with errors in 3.00 seconds.
2025-05-23 10:32:15,127 - INFO - Starting RTM automation pipeline
2025-05-23 10:32:15,127 - INFO - Checking prerequisites...
2025-05-23 10:32:15,142 - INFO - Python version check passed: 3.12
2025-05-23 10:32:15,142 - INFO - Configuration file check passed
2025-05-23 10:32:15,142 - INFO - Prerequisite check completed successfully
2025-05-23 10:32:15,142 - INFO - Running pipeline step: word_to_md
2025-05-23 10:33:37,896 - INFO - Starting RTM automation pipeline
2025-05-23 10:33:37,896 - INFO - Checking prerequisites...
2025-05-23 10:33:37,896 - INFO - Python version check passed: 3.12
2025-05-23 10:33:37,896 - INFO - Configuration file check passed
2025-05-23 10:33:37,896 - INFO - Prerequisite check completed successfully
2025-05-23 10:33:37,912 - INFO - Running pipeline step: word_to_md
2025-05-23 10:34:36,474 - INFO - Starting RTM automation pipeline
2025-05-23 10:34:36,474 - INFO - Checking prerequisites...
2025-05-23 10:34:36,474 - INFO - Python version check passed: 3.12
2025-05-23 10:34:36,474 - INFO - Configuration file check passed
2025-05-23 10:34:36,474 - INFO - Prerequisite check completed successfully
2025-05-23 10:34:36,493 - INFO - Running pipeline step: word_to_md
2025-05-23 10:39:59,244 - INFO - Starting RTM automation pipeline
2025-05-23 10:39:59,244 - INFO - Checking prerequisites...
2025-05-23 10:39:59,249 - INFO - Python version check passed: 3.12
2025-05-23 10:39:59,249 - INFO - Configuration file check passed
2025-05-23 10:39:59,249 - INFO - Prerequisite check completed successfully
2025-05-23 10:39:59,255 - INFO - Running pipeline step: word_to_md
2025-05-23 10:40:01,294 - INFO - Step 'word_to_md' completed successfully in 2.04 seconds.
2025-05-23 10:40:01,294 - INFO - Running pipeline step: clean_outline
2025-05-23 10:40:01,444 - INFO - Step 'clean_outline' completed successfully in 0.15 seconds.
2025-05-23 10:40:01,444 - INFO - Running pipeline step: extract_rtm
2025-05-23 10:40:04,473 - ERROR - Error running step 'extract_rtm' after 3.03 seconds: Command '['python', 'generate_rtm.py', '--input', 'output/MASTER_1805_1144.md', '--output-dir', 'output']' returned non-zero exit status 1.
2025-05-23 10:40:04,473 - INFO - Running pipeline step: generate_diagrams
2025-05-23 10:40:04,600 - ERROR - Error running step 'generate_diagrams' after 0.13 seconds: Command '['python', 'src/modules/ascii_diagram.py', 'output/MASTER_outline.yaml', '--output', 'output/diagram.txt']' returned non-zero exit status 1.
2025-05-23 10:40:04,600 - INFO - Running pipeline step: compare_formats
2025-05-23 10:40:04,724 - INFO - Step 'compare_formats' completed successfully in 0.12 seconds.
2025-05-23 10:40:04,724 - INFO - Comparing JSON and YAML outputs...
2025-05-23 10:40:04,870 - WARNING - Pipeline execution completed with errors in 5.63 seconds.
2025-05-23 11:23:36,605 - INFO - Starting RTM automation pipeline
2025-05-23 11:23:36,605 - INFO - Checking prerequisites...
2025-05-23 11:23:36,606 - INFO - Python version check passed: 3.12
2025-05-23 11:23:36,606 - INFO - Configuration file check passed
2025-05-23 11:23:36,606 - INFO - Prerequisite check completed successfully
2025-05-23 11:23:36,614 - INFO - Running pipeline step: word_to_md
2025-05-23 11:23:37,101 - ERROR - Error running step 'word_to_md' after 0.50 seconds: Command '['python', 'src/core/word_to_md.py', 'input/MASTER_1805_1144.docx', '-o', 'output/MASTER_1805_1144.md']' returned non-zero exit status 1.
2025-05-23 11:23:37,102 - INFO - Running pipeline step: clean_outline
2025-05-23 11:23:37,219 - INFO - Step 'clean_outline' completed successfully in 0.12 seconds.
2025-05-23 11:23:37,219 - INFO - Running pipeline step: extract_rtm
2025-05-23 11:23:38,382 - ERROR - Error running step 'extract_rtm' after 1.16 seconds: Command '['python', 'generate_rtm.py', '--input', 'output/MASTER_1805_1144.md', '--output-dir', 'output']' returned non-zero exit status 1.
2025-05-23 11:23:38,382 - INFO - Running pipeline step: generate_diagrams
2025-05-23 11:23:38,535 - ERROR - Error running step 'generate_diagrams' after 0.15 seconds: Command '['python', 'src/modules/ascii_diagram.py', 'output/MASTER_outline.yaml', '--output', 'output/diagram.txt']' returned non-zero exit status 1.
2025-05-23 11:23:38,535 - INFO - Running pipeline step: compare_formats
2025-05-23 11:23:38,700 - INFO - Step 'compare_formats' completed successfully in 0.17 seconds.
2025-05-23 11:23:38,700 - INFO - Comparing JSON and YAML outputs...
2025-05-23 11:23:38,838 - WARNING - Pipeline execution completed with errors in 2.23 seconds.
2025-05-23 11:53:50,935 - INFO - Starting RTM automation pipeline
2025-05-23 11:53:50,935 - INFO - Checking prerequisites...
2025-05-23 11:53:50,935 - INFO - Python version check passed: 3.12
2025-05-23 11:53:50,935 - INFO - Configuration file check passed
2025-05-23 11:53:50,935 - INFO - Prerequisite check completed successfully
2025-05-23 11:53:50,935 - INFO - Running pipeline step: word_to_md
2025-05-23 11:53:51,454 - ERROR - Error running step 'word_to_md' after 0.52 seconds: Command '['python', 'src/core/word_to_md.py', 'input/MASTER_1805_1144.docx', '-o', 'output/MASTER_1805_1144.md']' returned non-zero exit status 1.
2025-05-23 11:53:51,454 - INFO - Running pipeline step: clean_outline
2025-05-23 11:53:51,592 - INFO - Step 'clean_outline' completed successfully in 0.14 seconds.
2025-05-23 11:53:51,592 - INFO - Running pipeline step: extract_rtm
2025-05-23 11:53:52,319 - ERROR - Error running step 'extract_rtm' after 0.73 seconds: Command '['python', 'generate_rtm.py', '--input', 'output/MASTER_1805_1144.md', '--output-dir', 'output']' returned non-zero exit status 1.
2025-05-23 11:53:52,319 - INFO - Running pipeline step: generate_diagrams
2025-05-23 11:53:52,450 - ERROR - Error running step 'generate_diagrams' after 0.13 seconds: Command '['python', 'src/modules/ascii_diagram.py', 'output/MASTER_outline.yaml', '--output', 'output/diagram.txt']' returned non-zero exit status 1.
2025-05-23 11:53:52,450 - INFO - Running pipeline step: compare_formats
2025-05-23 11:53:52,566 - INFO - Step 'compare_formats' completed successfully in 0.12 seconds.
2025-05-23 11:53:52,566 - INFO - Comparing JSON and YAML outputs...
2025-05-23 11:53:52,688 - WARNING - Pipeline execution completed with errors in 1.75 seconds.
2025-05-23 11:57:46,157 - INFO - Starting RTM automation pipeline
2025-05-23 11:57:46,157 - INFO - Checking prerequisites...
2025-05-23 11:57:46,157 - INFO - Python version check passed: 3.12
2025-05-23 11:57:46,157 - INFO - Configuration file check passed
2025-05-23 11:57:46,157 - INFO - Prerequisite check completed successfully
2025-05-23 11:57:46,157 - INFO - Running pipeline step: word_to_md
2025-05-23 11:57:46,557 - ERROR - Error running step 'word_to_md' after 0.40 seconds: Command '['python', 'src/core/word_to_md.py', 'input/MASTER_1805_1144.docx', '-o', 'output/MASTER_1805_1144.md']' returned non-zero exit status 1.
2025-05-23 11:57:46,557 - INFO - Running pipeline step: clean_outline
2025-05-23 11:57:46,659 - INFO - Step 'clean_outline' completed successfully in 0.10 seconds.
2025-05-23 11:57:46,659 - INFO - Running pipeline step: extract_rtm
2025-05-23 11:57:47,097 - ERROR - Error running step 'extract_rtm' after 0.44 seconds: Command '['python', 'generate_rtm.py', '--input', 'output/MASTER_1805_1144.md', '--output-dir', 'output']' returned non-zero exit status 1.
2025-05-23 11:57:47,097 - INFO - Running pipeline step: generate_diagrams
2025-05-23 11:57:47,208 - ERROR - Error running step 'generate_diagrams' after 0.11 seconds: Command '['python', 'src/modules/ascii_diagram.py', 'output/MASTER_outline.yaml', '--output', 'output/diagram.txt']' returned non-zero exit status 1.
2025-05-23 11:57:47,208 - INFO - Running pipeline step: compare_formats
2025-05-23 11:57:47,346 - INFO - Step 'compare_formats' completed successfully in 0.14 seconds.
2025-05-23 11:57:47,347 - INFO - Comparing JSON and YAML outputs...
2025-05-23 11:57:47,460 - WARNING - Pipeline execution completed with errors in 1.30 seconds.
2025-05-23 11:57:52,253 - INFO - Starting RTM automation pipeline
2025-05-23 11:57:52,253 - INFO - Checking prerequisites...
2025-05-23 11:57:52,253 - INFO - Python version check passed: 3.12
2025-05-23 11:57:52,253 - INFO - Configuration file check passed
2025-05-23 11:57:52,253 - INFO - Prerequisite check completed successfully
2025-05-23 11:57:52,253 - INFO - Running pipeline step: word_to_md
2025-05-23 11:57:52,614 - ERROR - Error running step 'word_to_md' after 0.36 seconds: Command '['python', 'src/core/word_to_md.py', 'input/MASTER_1805_1144.docx', '-o', 'output/MASTER_1805_1144.md']' returned non-zero exit status 1.
2025-05-23 11:57:52,615 - INFO - Running pipeline step: clean_outline
2025-05-23 11:57:52,722 - INFO - Step 'clean_outline' completed successfully in 0.11 seconds.
2025-05-23 11:57:52,723 - INFO - Running pipeline step: extract_rtm
2025-05-23 11:57:53,178 - ERROR - Error running step 'extract_rtm' after 0.46 seconds: Command '['python', 'generate_rtm.py', '--input', 'output/MASTER_1805_1144.md', '--output-dir', 'output']' returned non-zero exit status 1.
2025-05-23 11:57:53,178 - INFO - Running pipeline step: generate_diagrams
2025-05-23 11:57:53,315 - ERROR - Error running step 'generate_diagrams' after 0.14 seconds: Command '['python', 'src/modules/ascii_diagram.py', 'output/MASTER_outline.yaml', '--output', 'output/diagram.txt']' returned non-zero exit status 1.
2025-05-23 11:57:53,316 - INFO - Running pipeline step: compare_formats
2025-05-23 11:57:53,440 - INFO - Step 'compare_formats' completed successfully in 0.12 seconds.
2025-05-23 11:57:53,440 - INFO - Comparing JSON and YAML outputs...
2025-05-23 11:57:53,559 - WARNING - Pipeline execution completed with errors in 1.31 seconds.
2025-05-23 12:02:50,099 - INFO - Starting RTM automation pipeline
2025-05-23 12:02:50,099 - INFO - Checking prerequisites...
2025-05-23 12:02:50,099 - INFO - Python version check passed: 3.12
2025-05-23 12:02:50,099 - INFO - Configuration file check passed
2025-05-23 12:02:50,099 - INFO - Prerequisite check completed successfully
2025-05-23 12:02:50,099 - INFO - Running pipeline step: word_to_md
2025-05-23 12:02:51,984 - INFO - Step 'word_to_md' completed successfully in 1.88 seconds.
2025-05-23 12:02:51,985 - INFO - Running pipeline step: clean_outline
2025-05-23 12:02:52,107 - INFO - Step 'clean_outline' completed successfully in 0.12 seconds.
2025-05-23 12:02:52,107 - INFO - Running pipeline step: extract_rtm
2025-05-23 12:02:52,641 - ERROR - Error running step 'extract_rtm' after 0.53 seconds: Command '['python', 'generate_rtm.py', '--input', 'output/MASTER_1805_1144.md', '--output-dir', 'output']' returned non-zero exit status 1.
2025-05-23 12:02:52,641 - INFO - Running pipeline step: generate_diagrams
2025-05-23 12:02:52,789 - INFO - Step 'generate_diagrams' completed successfully in 0.15 seconds.
2025-05-23 12:02:52,789 - INFO - Running pipeline step: compare_formats
2025-05-23 12:02:52,926 - INFO - Step 'compare_formats' completed successfully in 0.14 seconds.
2025-05-23 12:02:52,926 - INFO - Comparing JSON and YAML outputs...
2025-05-23 12:02:53,051 - WARNING - Pipeline execution completed with errors in 2.95 seconds.
2025-05-23 12:06:00,943 - INFO - Starting RTM automation pipeline
2025-05-23 12:06:00,943 - INFO - Checking prerequisites...
2025-05-23 12:06:00,943 - INFO - Python version check passed: 3.12
2025-05-23 12:06:00,943 - INFO - Configuration file check passed
2025-05-23 12:06:00,943 - INFO - Prerequisite check completed successfully
2025-05-23 12:06:00,943 - INFO - Running pipeline step: word_to_md
2025-05-23 12:06:02,784 - INFO - Step 'word_to_md' completed successfully in 1.84 seconds.
2025-05-23 12:06:02,784 - INFO - Running pipeline step: clean_outline
2025-05-23 12:06:02,912 - INFO - Step 'clean_outline' completed successfully in 0.13 seconds.
2025-05-23 12:06:02,913 - INFO - Running pipeline step: extract_rtm
2025-05-23 12:06:03,464 - INFO - Step 'extract_rtm' completed successfully in 0.55 seconds.
2025-05-23 12:06:03,464 - INFO - Running pipeline step: generate_diagrams
2025-05-23 12:06:03,604 - INFO - Step 'generate_diagrams' completed successfully in 0.14 seconds.
2025-05-23 12:06:03,604 - INFO - Running pipeline step: compare_formats
2025-05-23 12:06:04,273 - INFO - Step 'compare_formats' completed successfully in 0.67 seconds.
2025-05-23 12:06:04,273 - INFO - Comparing JSON and YAML outputs...
2025-05-23 12:06:04,870 - INFO - Pipeline execution completed successfully in 3.93 seconds!
